Apr 30, 2017 1:46:22 PM edu.cmu.sphinx.linguist.acoustic.UnitManager getUnit
INFO: CI Unit: W
Apr 30, 2017 1:46:22 PM edu.cmu.sphinx.linguist.acoustic.UnitManager getUnit
INFO: CI Unit: AH
Apr 30, 2017 1:46:22 PM edu.cmu.sphinx.linguist.acoustic.UnitManager getUnit
INFO: CI Unit: N
Apr 30, 2017 1:46:22 PM edu.cmu.sphinx.linguist.acoustic.UnitManager getUnit
INFO: CI Unit: HH
Apr 30, 2017 1:46:22 PM edu.cmu.sphinx.linguist.acoustic.UnitManager getUnit
INFO: CI Unit: T
Apr 30, 2017 1:46:22 PM edu.cmu.sphinx.linguist.acoustic.UnitManager getUnit
INFO: CI Unit: UW
Apr 30, 2017 1:46:22 PM edu.cmu.sphinx.linguist.acoustic.UnitManager getUnit
INFO: CI Unit: TH
Apr 30, 2017 1:46:22 PM edu.cmu.sphinx.linguist.acoustic.UnitManager getUnit
INFO: CI Unit: R
Apr 30, 2017 1:46:22 PM edu.cmu.sphinx.linguist.acoustic.UnitManager getUnit
INFO: CI Unit: IY
Apr 30, 2017 1:46:22 PM edu.cmu.sphinx.linguist.acoustic.UnitManager getUnit
INFO: CI Unit: Z
Apr 30, 2017 1:46:22 PM edu.cmu.sphinx.linguist.acoustic.UnitManager getUnit
INFO: CI Unit: IH
Apr 30, 2017 1:46:22 PM edu.cmu.sphinx.linguist.acoustic.UnitManager getUnit
INFO: CI Unit: OW
Apr 30, 2017 1:46:22 PM edu.cmu.sphinx.linguist.acoustic.UnitManager getUnit
INFO: CI Unit: S
Apr 30, 2017 1:46:22 PM edu.cmu.sphinx.linguist.acoustic.UnitManager getUnit
INFO: CI Unit: K
