Apr 30, 2017 1:45:47 PM edu.cmu.sphinx.linguist.acoustic.UnitManager getUnit
INFO: CI Unit: W
Apr 30, 2017 1:45:47 PM edu.cmu.sphinx.linguist.acoustic.UnitManager getUnit
INFO: CI Unit: AH
Apr 30, 2017 1:45:47 PM edu.cmu.sphinx.linguist.acoustic.UnitManager getUnit
INFO: CI Unit: N
Apr 30, 2017 1:45:47 PM edu.cmu.sphinx.linguist.acoustic.UnitManager getUnit
INFO: CI Unit: HH
Apr 30, 2017 1:45:47 PM edu.cmu.sphinx.linguist.acoustic.UnitManager getUnit
INFO: CI Unit: T
Apr 30, 2017 1:45:47 PM edu.cmu.sphinx.linguist.acoustic.UnitManager getUnit
INFO: CI Unit: UW
Apr 30, 2017 1:45:47 PM edu.cmu.sphinx.linguist.acoustic.UnitManager getUnit
INFO: CI Unit: TH
Apr 30, 2017 1:45:47 PM edu.cmu.sphinx.linguist.acoustic.UnitManager getUnit
INFO: CI Unit: R
Apr 30, 2017 1:45:47 PM edu.cmu.sphinx.linguist.acoustic.UnitManager getUnit
INFO: CI Unit: IY
