13:45:48.694 INFO unitManager          CI Unit: *+NSN+
13:45:48.702 INFO unitManager          CI Unit: *+SPN+
13:45:48.702 INFO unitManager          CI Unit: AA
13:45:48.702 INFO unitManager          CI Unit: AE
13:45:48.703 INFO unitManager          CI Unit: AH
13:45:48.703 INFO unitManager          CI Unit: AO
13:45:48.703 INFO unitManager          CI Unit: AW
13:45:48.703 INFO unitManager          CI Unit: AY
13:45:48.703 INFO unitManager          CI Unit: B
13:45:48.703 INFO unitManager          CI Unit: CH
13:45:48.703 INFO unitManager          CI Unit: D
13:45:48.703 INFO unitManager          CI Unit: DH
13:45:48.703 INFO unitManager          CI Unit: EH
13:45:48.704 INFO unitManager          CI Unit: ER
13:45:48.704 INFO unitManager          CI Unit: EY
13:45:48.704 INFO unitManager          CI Unit: F
13:45:48.704 INFO unitManager          CI Unit: G
13:45:48.704 INFO unitManager          CI Unit: HH
13:45:48.704 INFO unitManager          CI Unit: IH
13:45:48.704 INFO unitManager          CI Unit: IY
13:45:48.704 INFO unitManager          CI Unit: JH
13:45:48.704 INFO unitManager          CI Unit: K
13:45:48.705 INFO unitManager          CI Unit: L
13:45:48.705 INFO unitManager          CI Unit: M
13:45:48.705 INFO unitManager          CI Unit: N
13:45:48.705 INFO unitManager          CI Unit: NG
13:45:48.705 INFO unitManager          CI Unit: OW
13:45:48.705 INFO unitManager          CI Unit: OY
13:45:48.705 INFO unitManager          CI Unit: P
13:45:48.705 INFO unitManager          CI Unit: R
13:45:48.705 INFO unitManager          CI Unit: S
13:45:48.706 INFO unitManager          CI Unit: SH
13:45:48.706 INFO unitManager          CI Unit: T
13:45:48.706 INFO unitManager          CI Unit: TH
13:45:48.706 INFO unitManager          CI Unit: UH
13:45:48.706 INFO unitManager          CI Unit: UW
13:45:48.706 INFO unitManager          CI Unit: V
13:45:48.706 INFO unitManager          CI Unit: W
13:45:48.706 INFO unitManager          CI Unit: Y
13:45:48.706 INFO unitManager          CI Unit: Z
13:45:48.707 INFO unitManager          CI Unit: ZH
13:45:49.675 INFO autoCepstrum         Cepstrum component auto-configured as follows: autoCepstrum {MelFrequencyFilterBank, Denoise, DiscreteCosineTransform2, Lifter}
13:45:49.693 INFO dictionary           Loading dictionary from: jar:file:/mnt/c/Users/acarp/Documents/GitHub/AccentClassifyMe/cmusphinx-alignment-example/sphinx4/sphinx4-data/build/libs/sphinx4-data-5prealpha-SNAPSHOT.jar!/edu/cmu/sphinx/models/en-us/cmudict-en-us.dict
13:45:49.748 INFO dictionary           Loading filler dictionary from: jar:file:/mnt/c/Users/acarp/Documents/GitHub/AccentClassifyMe/cmusphinx-alignment-example/sphinx4/sphinx4-data/build/libs/sphinx4-data-5prealpha-SNAPSHOT.jar!/edu/cmu/sphinx/models/en-us/en-us/noisedict
13:45:49.749 INFO acousticModelLoader  Loading tied-state acoustic model from: jar:file:/mnt/c/Users/acarp/Documents/GitHub/AccentClassifyMe/cmusphinx-alignment-example/sphinx4/sphinx4-data/build/libs/sphinx4-data-5prealpha-SNAPSHOT.jar!/edu/cmu/sphinx/models/en-us/en-us
13:45:49.749 INFO acousticModelLoader  Pool means Entries: 16128
13:45:49.749 INFO acousticModelLoader  Pool variances Entries: 16128
13:45:49.749 INFO acousticModelLoader  Pool transition_matrices Entries: 42
13:45:49.749 INFO acousticModelLoader  Pool senones Entries: 5126
13:45:49.749 INFO acousticModelLoader  Gaussian weights: mixture_weights. Entries: 15378
13:45:49.749 INFO acousticModelLoader  Pool senones Entries: 5126
13:45:49.749 INFO acousticModelLoader  Context Independent Unit Entries: 42
13:45:49.751 INFO acousticModelLoader  HMM Manager: 137095 hmms
13:45:49.751 INFO acousticModel        CompositeSenoneSequences: 0
13:45:50.239 INFO lexTreeLinguist      Max CI Units 43
13:45:50.239 INFO lexTreeLinguist      Unit table size 79507
13:45:50.249 INFO speedTracker         # ----------------------------- Timers----------------------------------------
13:45:50.250 INFO speedTracker         # Name               Count   CurTime   MinTime   MaxTime   AvgTime   TotTime   
13:45:50.250 INFO speedTracker         Load AM              1       1.6230s   1.6230s   1.6230s   1.6230s   1.6230s   
13:45:50.251 INFO speedTracker         Load Dictionary      1       0.0670s   0.0670s   0.0670s   0.0670s   0.0670s   
13:45:50.251 INFO speedTracker         Load Dictionary      1       0.0550s   0.0550s   0.0550s   0.0550s   0.0550s   
13:45:50.251 INFO speedTracker         Compile              1       0.4480s   0.4480s   0.4480s   0.4480s   0.4480s   
13:45:51.702 INFO speedTracker            This  Time Audio: 1.64s  Proc: 1.42s  Speed: 0.86 X real time
13:45:51.703 INFO speedTracker            Total Time Audio: 1.64s  Proc: 1.42s 0.86 X real time
13:45:51.703 INFO memoryTracker           Mem  Total: 563.00 Mb  Free: 176.60 Mb
13:45:51.703 INFO memoryTracker           Used: This: 386.40 Mb  Avg: 386.40 Mb  Max: 386.40 Mb
